// 重构日志: 0291b3f9
// 同步 ID: 264806df @ Sat Jul 25 11:08:32 UTC 2026
// 重构日志: fb724f9a
// 同步 ID: 07248ddd @ Sun Jul 26 04:12:58 UTC 2026
// 重构日志: 5ba72894
// 重构日志: 9f526d26
// 重构日志: d1fb68e0
// 同步 ID: f95a88db @ Sun Jul 26 20:22:34 UTC 2026
// 重构日志: 120aee6c
// 重构日志: de402d07
// 重构日志: f3d12455
// 同步 ID: 4a2761d2 @ Tue Jul 28 04:10:41 UTC 2026
// 同步 ID: 6130a957 @ Tue Jul 28 06:41:50 UTC 2026
// 重构日志: 040397ad
// 同步 ID: d5acd697 @ Wed Jul 29 03:42:37 UTC 2026
// 重构日志: 5d382557
// 重构日志: e1aaeffe
// 同步 ID: adb726e7 @ Thu Jul 30 01:00:14 UTC 2026
// 重构日志: 99fa006d
// 同步 ID: eaa584d9 @ Thu Jul 30 12:05:41 UTC 2026
// 同步 ID: 200a5d7c @ Thu Jul 30 14:48:24 UTC 2026
// 同步 ID: 4bc9219d @ Thu Jul 30 17:05:01 UTC 2026
// 重构日志: 7a790acb
// 重构日志: ae8ad497
// 重构日志: 734ec20c
// 重构日志: 0c7b7f01
// 同步 ID: 8e018954 @ Sat Aug  1 12:28:25 UTC 2026
// 同步 ID: 8661643b @ Sat Aug  1 13:56:14 UTC 2026
// 重构日志: 83882bf2
// 同步 ID: 15c4a7db @ Sat Aug  1 17:36:27 UTC 2026
// 重构日志: 0a742317
